Traceback (most recent call last):
  File "D:\A_Dev_Projects\KoawaAgent\v2\src\koawa_agent_v2\recovery\store.py", line 339, in _run
    self._heartbeater()
  File "D:\A_Dev_Projects\KoawaAgent\v2\src\koawa_agent_v2\execution\worker.py", line 341, in heartbeater
    self._runtime.heartbeat_recovery_run(
  File "D:\A_Dev_Projects\KoawaAgent\v2\src\koawa_agent_v2\control\runtime.py", line 555, in heartbeat_recovery_run
    self._require_lease_fence(resolved_turn_id, resolved_run_id, resolved_token)
  File "D:\A_Dev_Projects\KoawaAgent\v2\src\koawa_agent_v2\control\runtime.py", line 716, in _require_lease_fence
    raise InvalidTransition("recovery lease token mismatch")
koawa_agent_v2.control.models.InvalidTransition: recovery lease token mismatch

The above exception was the direct cause of the following exception:

Traceback (most recent call last):
  File "<stdin>", line 13, in <module>
  File "D:\A_Dev_Projects\KoawaAgent\v2\src\koawa_agent_v2\runtime\app.py", line 268, in resume
    result = self._execute(
             ^^^^^^^^^^^^^^
  File "D:\A_Dev_Projects\KoawaAgent\v2\src\koawa_agent_v2\runtime\app.py", line 468, in _execute
    return worker.execute(
           ^^^^^^^^^^^^^^^
  File "D:\A_Dev_Projects\KoawaAgent\v2\src\koawa_agent_v2\execution\worker.py", line 385, in execute
    loop_result = self._loop.run(
                  ^^^^^^^^^^^^^^^
  File "D:\A_Dev_Projects\KoawaAgent\v2\src\koawa_agent_v2\execution\loop.py", line 614, in run
    turn = self._collect_turn(
           ^^^^^^^^^^^^^^^^^^^
  File "D:\A_Dev_Projects\KoawaAgent\v2\src\koawa_agent_v2\execution\loop.py", line 802, in _collect_turn
    check_progress()
  File "D:\A_Dev_Projects\KoawaAgent\v2\src\koawa_agent_v2\execution\loop.py", line 776, in check_progress
    ownership_guard()
  File "D:\A_Dev_Projects\KoawaAgent\v2\src\koawa_agent_v2\execution\worker.py", line 366, in assert_run_ownership
    if keeper is not None: keeper.assert_owned()
                           ^^^^^^^^^^^^^^^^^^^^^
  File "D:\A_Dev_Projects\KoawaAgent\v2\src\koawa_agent_v2\recovery\store.py", line 349, in assert_owned
    raise LeaseConflict("lease heartbeat failed") from failure
koawa_agent_v2.recovery.store.LeaseConflict: lease heartbeat failed
